src/S_Movement.cpp: In member function ‘void S_Movement::SetTargetPosition(const EntityId&, float, float)’:
src/S_Movement.cpp:783:52: warning: unused parameter ‘l_entity’ [-Wunused-parameter]
 void S_Movement::SetTargetPosition(const EntityId& l_entity, float l_x, float l_y){
                                                    ^~~~~~~~
src/S_Movement.cpp:783:68: warning: unused parameter ‘l_x’ [-Wunused-parameter]
 void S_Movement::SetTargetPosition(const EntityId& l_entity, float l_x, float l_y){
                                                                    ^~~
src/S_Movement.cpp:783:79: warning: unused parameter ‘l_y’ [-Wunused-parameter]
 void S_Movement::SetTargetPosition(const EntityId& l_entity, float l_x, float l_y){
                                                                               ^~~
